<T>
  <actors>
    <actor>
      <k> exec ( 1 ) </k>
      <id> _6 </id>
    </actor>
    <actor>
      <k> ready ( 0 ) </k>
      <id> _1 </id>
    </actor>
    <actor>
      <k> exec ( nil ) </k>
      <id> initactor </id>
    </actor>
  </actors>
  <messages> .MessageCellBag </messages>
  <definedaddr> ListItem ( initactor ) ListItem ( _1 ) ListItem ( _6 ) </definedaddr>
</T>
