<T>
  <actors>
    <actor>
      <k> exec ( lambda ( X , seq ( send ( X , 5 ) , become ( lambda ( _2 , app ( app ( lambda ( _1 , app ( lambda ( Y , lambda ( X , seq ( send ( X , 5 ) , become ( Y ) ) ) ) , lambda ( _2 , app ( app ( _1 , _1 ) , _2 ) ) ) ) , lambda ( _1 , app ( lambda ( Y , lambda ( X , seq ( send ( X , 5 ) , become ( Y ) ) ) ) , lambda ( _2 , app ( app ( _1 , _1 ) , _2 ) ) ) ) ) , _2 ) ) ) ) ) ) </k>
      <id> initactor </id>
    </actor>
  </actors>
  <messages> .MessageCellBag </messages>
  <definedaddr> ListItem ( initactor ) </definedaddr>
</T>
