<T>
  <actors>
    <actor>
      <k> exec ( nil ) </k>
      <id> _13 </id>
    </actor>
    <actor>
      <k> ready ( lambda ( _8 , app ( app ( lambda ( _7 , app ( lambda ( beh , lambda ( m , seq ( send ( _1 , minus ( fst ( m ) , snd ( m ) ) ) , become ( beh ) ) ) ) , lambda ( _8 , app ( app ( _7 , _7 ) , _8 ) ) ) ) , lambda ( _7 , app ( lambda ( beh , lambda ( m , seq ( send ( _1 , minus ( fst ( m ) , snd ( m ) ) ) , become ( beh ) ) ) ) , lambda ( _8 , app ( app ( _7 , _7 ) , _8 ) ) ) ) ) , _8 ) ) ) </k>
      <id> _2 </id>
    </actor>
    <actor>
      <k> exec ( 18 ) </k>
      <id> _1 </id>
    </actor>
    <actor>
      <k> exec ( nil ) </k>
      <id> initactor </id>
    </actor>
  </actors>
  <messages> .MessageCellBag </messages>
  <definedaddr> ListItem ( initactor ) ListItem ( _1 ) ListItem ( _2 ) ListItem ( _13 ) </definedaddr>
</T>
