<T>
  <actors>
    <actor>
      <k> exec ( nil ) </k>
      <id> _41 </id>
    </actor>
    <actor>
      <k> ready ( lambda ( new , become ( app ( lambda ( _2 , app ( app ( lambda ( _1 , app ( lambda ( beh , lambda ( current , lambda ( new , become ( app ( beh , pr ( new , current ) ) ) ) ) ) , lambda ( _2 , app ( app ( _1 , _1 ) , _2 ) ) ) ) , lambda ( _1 , app ( lambda ( beh , lambda ( current , lambda ( new , become ( app ( beh , pr ( new , current ) ) ) ) ) ) , lambda ( _2 , app ( app ( _1 , _1 ) , _2 ) ) ) ) ) , _2 ) ) , pr ( new , pr ( 3 , pr ( 2 , pr ( 1 , pr ( 0 , nil ) ) ) ) ) ) ) ) ) </k>
      <id> _3 </id>
    </actor>
    <actor>
      <k> exec ( nil ) </k>
      <id> initactor </id>
    </actor>
    <actor>
      <k> exec ( nil ) </k>
      <id> _16 </id>
    </actor>
    <actor>
      <k> exec ( nil ) </k>
      <id> _25 </id>
    </actor>
    <actor>
      <k> exec ( nil ) </k>
      <id> _34 </id>
    </actor>
  </actors>
  <messages> .MessageCellBag </messages>
  <definedaddr> ListItem ( initactor ) ListItem ( _3 ) ListItem ( _16 ) ListItem ( _25 ) ListItem ( _34 ) ListItem ( _41 ) </definedaddr>
</T>
