<T>
  <actors>
    <actor>
      <k> exec ( nil ) </k>
      <id> initactor </id>
    </actor>
    <actor>
      <k> exec ( nil ) </k>
      <id> _2 </id>
    </actor>
    <actor>
      <k> exec ( 41 ) </k>
      <id> _1 </id>
    </actor>
  </actors>
  <messages> .MessageCellBag </messages>
  <definedaddr> ListItem ( initactor ) ListItem ( _1 ) ListItem ( _2 ) </definedaddr>
</T>
